\set ECHO none
 ct_create_trigger 
-------------------
 
(1 row)

SELECT * FROM other."Account" ORDER BY id;
 id  | parentId | parentsCache | childrenCache  
-----+----------+--------------+----------------
   1 |          | {}           | {10,101,100}
   2 |          | {}           | {21,25,200,20}
   3 |          | {}           | {}
  10 |        1 | {1}          | {101,100}
  20 |        2 | {2}          | {}
  21 |        2 | {2}          | {25,200}
  25 |       21 | {2,21}       | {}
 100 |       10 | {1,10}       | {}
 101 |       10 | {1,10}       | {}
 200 |       21 | {2,21}       | {}
(10 rows)

ROLLBACK;
